---
source: crates/happyterminals-backend-ratatui/tests/color_snapshots.rs
assertion_line: 122
expression: buf
---
Buffer {
    area: Rect { x: 0, y: 0, width: 40, height: 12 },
    content: [
        "                                        ",
        "                                        ",
        "           ++++++++++++++++++           ",
        "          ++++++++++++++++++++          ",
        "          ++++++++++++++++++++          ",
        "          ++++++++++++++++++++          ",
        "           ++++++++++++++++++           ",
        "           ++++++++++++++++++           ",
        "           ++++++++++++++++++           ",
        "              ++++++++++++              ",
        "                ++++++++                ",
        "                  ++++                  ",
    ],
    styles: [
        x: 0, y: 0, fg: Reset, bg: Reset, underline: Reset, modifier: NONE,
        x: 11, y: 2, fg: Rgb(71, 183, 46), bg: Reset, underline: Reset, modifier: NONE,
        x: 12, y: 2, fg: Rgb(78, 176, 46), bg: Reset, underline: Reset, modifier: NONE,
        x: 13, y: 2, fg: Rgb(85, 170, 46), bg: Reset, underline: Reset, modifier: NONE,
        x: 14, y: 2, fg: Rgb(91, 163, 46), bg: Reset, underline: Reset, modifier: NONE,
        x: 15, y: 2, fg: Rgb(98, 156, 46), bg: Reset, underline: Reset, modifier: NONE,
        x: 16, y: 2, fg: Rgb(104, 150, 46), bg: Reset, underline: Reset, modifier: NONE,
        x: 17, y: 2, fg: Rgb(111, 143, 46), bg: Reset, underline: Reset, modifier: NONE,
        x: 18, y: 2, fg: Rgb(117, 137, 46), bg: Reset, underline: Reset, modifier: NONE,
        x: 19, y: 2, fg: Rgb(124, 130, 46), bg: Reset, underline: Reset, modifier: NONE,
        x: 20, y: 2, fg: Rgb(130, 124, 46), bg: Reset, underline: Reset, modifier: NONE,
        x: 21, y: 2, fg: Rgb(137, 117, 46), bg: Reset, underline: Reset, modifier: NONE,
        x: 22, y: 2, fg: Rgb(143, 111, 46), bg: Reset, underline: Reset, modifier: NONE,
        x: 23, y: 2, fg: Rgb(150, 104, 46), bg: Reset, underline: Reset, modifier: NONE,
        x: 24, y: 2, fg: Rgb(156, 98, 46), bg: Reset, underline: Reset, modifier: NONE,
        x: 25, y: 2, fg: Rgb(163, 91, 46), bg: Reset, underline: Reset, modifier: NONE,
        x: 26, y: 2, fg: Rgb(170, 85, 46), bg: Reset, underline: Reset, modifier: NONE,
        x: 27, y: 2, fg: Rgb(176, 78, 46), bg: Reset, underline: Reset, modifier: NONE,
        x: 28, y: 2, fg: Rgb(183, 71, 46), bg: Reset, underline: Reset, modifier: NONE,
        x: 29, y: 2, fg: Reset, bg: Reset, underline: Reset, modifier: NONE,
        x: 10, y: 3, fg: Rgb(65, 189, 69), bg: Reset, underline: Reset, modifier: NONE,
        x: 11, y: 3, fg: Rgb(71, 183, 69), bg: Reset, underline: Reset, modifier: NONE,
        x: 12, y: 3, fg: Rgb(78, 176, 69), bg: Reset, underline: Reset, modifier: NONE,
        x: 13, y: 3, fg: Rgb(85, 170, 69), bg: Reset, underline: Reset, modifier: NONE,
        x: 14, y: 3, fg: Rgb(91, 163, 69), bg: Reset, underline: Reset, modifier: NONE,
        x: 15, y: 3, fg: Rgb(98, 156, 69), bg: Reset, underline: Reset, modifier: NONE,
        x: 16, y: 3, fg: Rgb(104, 150, 69), bg: Reset, underline: Reset, modifier: NONE,
        x: 17, y: 3, fg: Rgb(111, 143, 69), bg: Reset, underline: Reset, modifier: NONE,
        x: 18, y: 3, fg: Rgb(117, 137, 69), bg: Reset, underline: Reset, modifier: NONE,
        x: 19, y: 3, fg: Rgb(124, 130, 69), bg: Reset, underline: Reset, modifier: NONE,
        x: 20, y: 3, fg: Rgb(130, 124, 69), bg: Reset, underline: Reset, modifier: NONE,
        x: 21, y: 3, fg: Rgb(137, 117, 69), bg: Reset, underline: Reset, modifier: NONE,
        x: 22, y: 3, fg: Rgb(143, 111, 69), bg: Reset, underline: Reset, modifier: NONE,
        x: 23, y: 3, fg: Rgb(150, 104, 69), bg: Reset, underline: Reset, modifier: NONE,
        x: 24, y: 3, fg: Rgb(156, 98, 69), bg: Reset, underline: Reset, modifier: NONE,
        x: 25, y: 3, fg: Rgb(163, 91, 69), bg: Reset, underline: Reset, modifier: NONE,
        x: 26, y: 3, fg: Rgb(170, 85, 69), bg: Reset, underline: Reset, modifier: NONE,
        x: 27, y: 3, fg: Rgb(176, 78, 69), bg: Reset, underline: Reset, modifier: NONE,
        x: 28, y: 3, fg: Rgb(183, 71, 69), bg: Reset, underline: Reset, modifier: NONE,
        x: 29, y: 3, fg: Rgb(189, 65, 69), bg: Reset, underline: Reset, modifier: NONE,
        x: 30, y: 3, fg: Reset, bg: Reset, underline: Reset, modifier: NONE,
        x: 10, y: 4, fg: Rgb(65, 189, 92), bg: Reset, underline: Reset, modifier: NONE,
        x: 11, y: 4, fg: Rgb(71, 183, 92), bg: Reset, underline: Reset, modifier: NONE,
        x: 12, y: 4, fg: Rgb(78, 176, 92), bg: Reset, underline: Reset, modifier: NONE,
        x: 13, y: 4, fg: Rgb(85, 170, 92), bg: Reset, underline: Reset, modifier: NONE,
        x: 14, y: 4, fg: Rgb(91, 163, 92), bg: Reset, underline: Reset, modifier: NONE,
        x: 15, y: 4, fg: Rgb(98, 156, 92), bg: Reset, underline: Reset, modifier: NONE,
        x: 16, y: 4, fg: Rgb(104, 150, 92), bg: Reset, underline: Reset, modifier: NONE,
        x: 17, y: 4, fg: Rgb(111, 143, 92), bg: Reset, underline: Reset, modifier: NONE,
        x: 18, y: 4, fg: Rgb(117, 137, 92), bg: Reset, underline: Reset, modifier: NONE,
        x: 19, y: 4, fg: Rgb(124, 130, 92), bg: Reset, underline: Reset, modifier: NONE,
        x: 20, y: 4, fg: Rgb(130, 124, 92), bg: Reset, underline: Reset, modifier: NONE,
        x: 21, y: 4, fg: Rgb(137, 117, 92), bg: Reset, underline: Reset, modifier: NONE,
        x: 22, y: 4, fg: Rgb(143, 111, 92), bg: Reset, underline: Reset, modifier: NONE,
        x: 23, y: 4, fg: Rgb(150, 104, 92), bg: Reset, underline: Reset, modifier: NONE,
        x: 24, y: 4, fg: Rgb(156, 98, 92), bg: Reset, underline: Reset, modifier: NONE,
        x: 25, y: 4, fg: Rgb(163, 91, 92), bg: Reset, underline: Reset, modifier: NONE,
        x: 26, y: 4, fg: Rgb(170, 85, 92), bg: Reset, underline: Reset, modifier: NONE,
        x: 27, y: 4, fg: Rgb(176, 78, 92), bg: Reset, underline: Reset, modifier: NONE,
        x: 28, y: 4, fg: Rgb(183, 71, 92), bg: Reset, underline: Reset, modifier: NONE,
        x: 29, y: 4, fg: Rgb(189, 65, 92), bg: Reset, underline: Reset, modifier: NONE,
        x: 30, y: 4, fg: Reset, bg: Reset, underline: Reset, modifier: NONE,
        x: 10, y: 5, fg: Rgb(65, 189, 115), bg: Reset, underline: Reset, modifier: NONE,
        x: 11, y: 5, fg: Rgb(71, 183, 115), bg: Reset, underline: Reset, modifier: NONE,
        x: 12, y: 5, fg: Rgb(78, 176, 115), bg: Reset, underline: Reset, modifier: NONE,
        x: 13, y: 5, fg: Rgb(85, 170, 115), bg: Reset, underline: Reset, modifier: NONE,
        x: 14, y: 5, fg: Rgb(91, 163, 115), bg: Reset, underline: Reset, modifier: NONE,
        x: 15, y: 5, fg: Rgb(98, 156, 115), bg: Reset, underline: Reset, modifier: NONE,
        x: 16, y: 5, fg: Rgb(104, 150, 115), bg: Reset, underline: Reset, modifier: NONE,
        x: 17, y: 5, fg: Rgb(111, 143, 115), bg: Reset, underline: Reset, modifier: NONE,
        x: 18, y: 5, fg: Rgb(117, 137, 115), bg: Reset, underline: Reset, modifier: NONE,
        x: 19, y: 5, fg: Rgb(124, 130, 115), bg: Reset, underline: Reset, modifier: NONE,
        x: 20, y: 5, fg: Rgb(130, 124, 115), bg: Reset, underline: Reset, modifier: NONE,
        x: 21, y: 5, fg: Rgb(137, 117, 115), bg: Reset, underline: Reset, modifier: NONE,
        x: 22, y: 5, fg: Rgb(143, 111, 115), bg: Reset, underline: Reset, modifier: NONE,
        x: 23, y: 5, fg: Rgb(150, 104, 115), bg: Reset, underline: Reset, modifier: NONE,
        x: 24, y: 5, fg: Rgb(156, 98, 115), bg: Reset, underline: Reset, modifier: NONE,
        x: 25, y: 5, fg: Rgb(163, 91, 115), bg: Reset, underline: Reset, modifier: NONE,
        x: 26, y: 5, fg: Rgb(170, 85, 115), bg: Reset, underline: Reset, modifier: NONE,
        x: 27, y: 5, fg: Rgb(176, 78, 115), bg: Reset, underline: Reset, modifier: NONE,
        x: 28, y: 5, fg: Rgb(183, 71, 115), bg: Reset, underline: Reset, modifier: NONE,
        x: 29, y: 5, fg: Rgb(189, 65, 115), bg: Reset, underline: Reset, modifier: NONE,
        x: 30, y: 5, fg: Reset, bg: Reset, underline: Reset, modifier: NONE,
        x: 11, y: 6, fg: Rgb(71, 183, 139), bg: Reset, underline: Reset, modifier: NONE,
        x: 12, y: 6, fg: Rgb(78, 176, 139), bg: Reset, underline: Reset, modifier: NONE,
        x: 13, y: 6, fg: Rgb(85, 170, 139), bg: Reset, underline: Reset, modifier: NONE,
        x: 14, y: 6, fg: Rgb(91, 163, 139), bg: Reset, underline: Reset, modifier: NONE,
        x: 15, y: 6, fg: Rgb(98, 156, 139), bg: Reset, underline: Reset, modifier: NONE,
        x: 16, y: 6, fg: Rgb(104, 150, 139), bg: Reset, underline: Reset, modifier: NONE,
        x: 17, y: 6, fg: Rgb(111, 143, 139), bg: Reset, underline: Reset, modifier: NONE,
        x: 18, y: 6, fg: Rgb(117, 137, 139), bg: Reset, underline: Reset, modifier: NONE,
        x: 19, y: 6, fg: Rgb(124, 130, 139), bg: Reset, underline: Reset, modifier: NONE,
        x: 20, y: 6, fg: Rgb(130, 124, 139), bg: Reset, underline: Reset, modifier: NONE,
        x: 21, y: 6, fg: Rgb(137, 117, 139), bg: Reset, underline: Reset, modifier: NONE,
        x: 22, y: 6, fg: Rgb(143, 111, 139), bg: Reset, underline: Reset, modifier: NONE,
        x: 23, y: 6, fg: Rgb(150, 104, 139), bg: Reset, underline: Reset, modifier: NONE,
        x: 24, y: 6, fg: Rgb(156, 98, 139), bg: Reset, underline: Reset, modifier: NONE,
        x: 25, y: 6, fg: Rgb(163, 91, 139), bg: Reset, underline: Reset, modifier: NONE,
        x: 26, y: 6, fg: Rgb(170, 85, 139), bg: Reset, underline: Reset, modifier: NONE,
        x: 27, y: 6, fg: Rgb(176, 78, 139), bg: Reset, underline: Reset, modifier: NONE,
        x: 28, y: 6, fg: Rgb(183, 71, 139), bg: Reset, underline: Reset, modifier: NONE,
        x: 29, y: 6, fg: Reset, bg: Reset, underline: Reset, modifier: NONE,
        x: 11, y: 7, fg: Rgb(71, 183, 162), bg: Reset, underline: Reset, modifier: NONE,
        x: 12, y: 7, fg: Rgb(78, 176, 162), bg: Reset, underline: Reset, modifier: NONE,
        x: 13, y: 7, fg: Rgb(85, 170, 162), bg: Reset, underline: Reset, modifier: NONE,
        x: 14, y: 7, fg: Rgb(91, 163, 162), bg: Reset, underline: Reset, modifier: NONE,
        x: 15, y: 7, fg: Rgb(98, 156, 162), bg: Reset, underline: Reset, modifier: NONE,
        x: 16, y: 7, fg: Rgb(104, 150, 162), bg: Reset, underline: Reset, modifier: NONE,
        x: 17, y: 7, fg: Rgb(111, 143, 162), bg: Reset, underline: Reset, modifier: NONE,
        x: 18, y: 7, fg: Rgb(117, 137, 162), bg: Reset, underline: Reset, modifier: NONE,
        x: 19, y: 7, fg: Rgb(124, 130, 162), bg: Reset, underline: Reset, modifier: NONE,
        x: 20, y: 7, fg: Rgb(130, 124, 162), bg: Reset, underline: Reset, modifier: NONE,
        x: 21, y: 7, fg: Rgb(137, 117, 162), bg: Reset, underline: Reset, modifier: NONE,
        x: 22, y: 7, fg: Rgb(143, 111, 162), bg: Reset, underline: Reset, modifier: NONE,
        x: 23, y: 7, fg: Rgb(150, 104, 162), bg: Reset, underline: Reset, modifier: NONE,
        x: 24, y: 7, fg: Rgb(156, 98, 162), bg: Reset, underline: Reset, modifier: NONE,
        x: 25, y: 7, fg: Rgb(163, 91, 162), bg: Reset, underline: Reset, modifier: NONE,
        x: 26, y: 7, fg: Rgb(170, 85, 162), bg: Reset, underline: Reset, modifier: NONE,
        x: 27, y: 7, fg: Rgb(176, 78, 162), bg: Reset, underline: Reset, modifier: NONE,
        x: 28, y: 7, fg: Rgb(183, 71, 162), bg: Reset, underline: Reset, modifier: NONE,
        x: 29, y: 7, fg: Reset, bg: Reset, underline: Reset, modifier: NONE,
        x: 11, y: 8, fg: Rgb(71, 183, 185), bg: Reset, underline: Reset, modifier: NONE,
        x: 12, y: 8, fg: Rgb(78, 176, 185), bg: Reset, underline: Reset, modifier: NONE,
        x: 13, y: 8, fg: Rgb(85, 170, 185), bg: Reset, underline: Reset, modifier: NONE,
        x: 14, y: 8, fg: Rgb(91, 163, 185), bg: Reset, underline: Reset, modifier: NONE,
        x: 15, y: 8, fg: Rgb(98, 156, 185), bg: Reset, underline: Reset, modifier: NONE,
        x: 16, y: 8, fg: Rgb(104, 150, 185), bg: Reset, underline: Reset, modifier: NONE,
        x: 17, y: 8, fg: Rgb(111, 143, 185), bg: Reset, underline: Reset, modifier: NONE,
        x: 18, y: 8, fg: Rgb(117, 137, 185), bg: Reset, underline: Reset, modifier: NONE,
        x: 19, y: 8, fg: Rgb(124, 130, 185), bg: Reset, underline: Reset, modifier: NONE,
        x: 20, y: 8, fg: Rgb(130, 124, 185), bg: Reset, underline: Reset, modifier: NONE,
        x: 21, y: 8, fg: Rgb(137, 117, 185), bg: Reset, underline: Reset, modifier: NONE,
        x: 22, y: 8, fg: Rgb(143, 111, 185), bg: Reset, underline: Reset, modifier: NONE,
        x: 23, y: 8, fg: Rgb(150, 104, 185), bg: Reset, underline: Reset, modifier: NONE,
        x: 24, y: 8, fg: Rgb(156, 98, 185), bg: Reset, underline: Reset, modifier: NONE,
        x: 25, y: 8, fg: Rgb(163, 91, 185), bg: Reset, underline: Reset, modifier: NONE,
        x: 26, y: 8, fg: Rgb(170, 85, 185), bg: Reset, underline: Reset, modifier: NONE,
        x: 27, y: 8, fg: Rgb(176, 78, 185), bg: Reset, underline: Reset, modifier: NONE,
        x: 28, y: 8, fg: Rgb(183, 71, 185), bg: Reset, underline: Reset, modifier: NONE,
        x: 29, y: 8, fg: Reset, bg: Reset, underline: Reset, modifier: NONE,
        x: 14, y: 9, fg: Rgb(91, 163, 208), bg: Reset, underline: Reset, modifier: NONE,
        x: 15, y: 9, fg: Rgb(98, 156, 208), bg: Reset, underline: Reset, modifier: NONE,
        x: 16, y: 9, fg: Rgb(104, 150, 208), bg: Reset, underline: Reset, modifier: NONE,
        x: 17, y: 9, fg: Rgb(111, 143, 208), bg: Reset, underline: Reset, modifier: NONE,
        x: 18, y: 9, fg: Rgb(117, 137, 208), bg: Reset, underline: Reset, modifier: NONE,
        x: 19, y: 9, fg: Rgb(124, 130, 208), bg: Reset, underline: Reset, modifier: NONE,
        x: 20, y: 9, fg: Rgb(130, 124, 208), bg: Reset, underline: Reset, modifier: NONE,
        x: 21, y: 9, fg: Rgb(137, 117, 208), bg: Reset, underline: Reset, modifier: NONE,
        x: 22, y: 9, fg: Rgb(143, 111, 208), bg: Reset, underline: Reset, modifier: NONE,
        x: 23, y: 9, fg: Rgb(150, 104, 208), bg: Reset, underline: Reset, modifier: NONE,
        x: 24, y: 9, fg: Rgb(156, 98, 208), bg: Reset, underline: Reset, modifier: NONE,
        x: 25, y: 9, fg: Rgb(163, 91, 208), bg: Reset, underline: Reset, modifier: NONE,
        x: 26, y: 9, fg: Reset, bg: Reset, underline: Reset, modifier: NONE,
        x: 16, y: 10, fg: Rgb(104, 150, 231), bg: Reset, underline: Reset, modifier: NONE,
        x: 17, y: 10, fg: Rgb(111, 143, 231), bg: Reset, underline: Reset, modifier: NONE,
        x: 18, y: 10, fg: Rgb(117, 137, 231), bg: Reset, underline: Reset, modifier: NONE,
        x: 19, y: 10, fg: Rgb(124, 130, 231), bg: Reset, underline: Reset, modifier: NONE,
        x: 20, y: 10, fg: Rgb(130, 124, 231), bg: Reset, underline: Reset, modifier: NONE,
        x: 21, y: 10, fg: Rgb(137, 117, 231), bg: Reset, underline: Reset, modifier: NONE,
        x: 22, y: 10, fg: Rgb(143, 111, 231), bg: Reset, underline: Reset, modifier: NONE,
        x: 23, y: 10, fg: Rgb(150, 104, 231), bg: Reset, underline: Reset, modifier: NONE,
        x: 24, y: 10, fg: Reset, bg: Reset, underline: Reset, modifier: NONE,
        x: 18, y: 11, fg: Rgb(117, 137, 255), bg: Reset, underline: Reset, modifier: NONE,
        x: 19, y: 11, fg: Rgb(124, 130, 255), bg: Reset, underline: Reset, modifier: NONE,
        x: 20, y: 11, fg: Rgb(130, 124, 255), bg: Reset, underline: Reset, modifier: NONE,
        x: 21, y: 11, fg: Rgb(137, 117, 255), bg: Reset, underline: Reset, modifier: NONE,
        x: 22, y: 11, fg: Reset, bg: Reset, underline: Reset, modifier: NONE,
    ]
}
