---
source: crates/happyterminals-renderer/tests/snapshot.rs
assertion_line: 82
expression: output
---
                                                                                
                                                                                
                                                                                
                                                                                
                                                                                
                                                                                
                                                                                
                                                                                
                                    ////////                                    
                               //////////////////                               
                                ////////////////                                
                                ////////////////                                
                                ////////////////                                
                                ////////////////                                
                                 //////////////                                 
                                    ////////                                    
                                       //
